INFO:     Started server process [17248]
INFO:     Waiting for application startup.
ERROR:    Traceback (most recent call last):
  File "C:\Users\jhons\AppData\Local\Programs\Python\Python313\Lib\site-packages\peewee.py", line 3263, in connect
    self._state.set_connection(self._connect())
                               ~~~~~~~~~~~~~^^
  File "C:\Users\jhons\AppData\Local\Programs\Python\Python313\Lib\site-packages\peewee.py", line 4001, in _connect
    conn = psycopg2.connect(**params)
  File "C:\Users\jhons\AppData\Local\Programs\Python\Python313\Lib\site-packages\psycopg2\__init__.py", line 135, in connect
    conn = _connect(dsn, connection_factory=connection_factory, **kwasync)
psycopg2.OperationalError: could not translate host name "db" to address: Name or service not known


During handling of the above exception, another exception occurred:

Traceback (most recent call last):
  File "C:\Users\jhons\AppData\Local\Programs\Python\Python313\Lib\site-packages\starlette\routing.py", line 693, in lifespan
    async with self.lifespan_context(app) as maybe_state:
               ~~~~~~~~~~~~~~~~~~~~~^^^^^
  File "C:\Users\jhons\AppData\Local\Programs\Python\Python313\Lib\contextlib.py", line 214, in __aenter__
    return await anext(self.gen)
           ^^^^^^^^^^^^^^^^^^^^^
  File "C:\Users\jhons\AppData\Local\Programs\Python\Python313\Lib\site-packages\fastapi\routing.py", line 133, in merged_lifespan
    async with original_context(app) as maybe_original_state:
               ~~~~~~~~~~~~~~~~^^^^^
  File "C:\Users\jhons\AppData\Local\Programs\Python\Python313\Lib\site-packages\starlette\routing.py", line 569, in __aenter__
    await self._router.startup()
  File "C:\Users\jhons\AppData\Local\Programs\Python\Python313\Lib\site-packages\starlette\routing.py", line 672, in startup
    handler()
    ~~~~~~~^^
  File "C:\Users\jhons\Downloads\Microservicios\ms-proveedores\main.py", line 22, in startup_event
    init_db()
    ~~~~~~~^^
  File "C:\Users\jhons\Downloads\Microservicios\ms-proveedores\app\config.py", line 16, in init_db
    db.connect(reuse_if_open=True)
    ~~~~~~~~~~^^^^^^^^^^^^^^^^^^^^
  File "C:\Users\jhons\AppData\Local\Programs\Python\Python313\Lib\site-packages\peewee.py", line 3262, in connect
    with __exception_wrapper__:
         ^^^^^^^^^^^^^^^^^^^^^
  File "C:\Users\jhons\AppData\Local\Programs\Python\Python313\Lib\site-packages\peewee.py", line 3088, in __exit__
    reraise(new_type, new_type(exc_value, *exc_args), traceback)
    ~~~~~~~^^^^^^^^^^^^^^^^^^^^^^^^^^^^^^^^^^^^^^^^^^^^^^^^^^^^^
  File "C:\Users\jhons\AppData\Local\Programs\Python\Python313\Lib\site-packages\peewee.py", line 196, in reraise
    raise value.with_traceback(tb)
  File "C:\Users\jhons\AppData\Local\Programs\Python\Python313\Lib\site-packages\peewee.py", line 3263, in connect
    self._state.set_connection(self._connect())
                               ~~~~~~~~~~~~~^^
  File "C:\Users\jhons\AppData\Local\Programs\Python\Python313\Lib\site-packages\peewee.py", line 4001, in _connect
    conn = psycopg2.connect(**params)
  File "C:\Users\jhons\AppData\Local\Programs\Python\Python313\Lib\site-packages\psycopg2\__init__.py", line 135, in connect
    conn = _connect(dsn, connection_factory=connection_factory, **kwasync)
peewee.OperationalError: could not translate host name "db" to address: Name or service not known


ERROR:    Application startup failed. Exiting.
